
<DESCRIBE::>stack underflow

<IT::>single test

<FAILED::>Test Failed : Data stack underflow


<COMPLETEDIN::>0.052173 ms

<IT::>double test

<FAILED::>Test Failed : Data stack underflow


<FAILED::>Test Failed : Data stack underflow


<COMPLETEDIN::>0.020681 ms

<IT::>double test

<FAILED::>Test Failed : Data stack underflow


<FAILED::>Test Failed : Data stack underflow


<COMPLETEDIN::>0.013233 ms

<IT::>double test

<FAILED::>Test Failed : Data stack underflow


<FAILED::>Test Failed : Data stack underflow


<COMPLETEDIN::>0.012404 ms

<COMPLETEDIN::>0.314743 ms
