
<DESCRIBE::>custom message

<IT::>short strings

<PASSED::>Just passed

<PASSED::>Just passed

<COMPLETEDIN::>0.109413 ms

<IT::>failing compares

<FAILED::>Just failed

<FAILED::>Just failed

<COMPLETEDIN::>0.061099 ms

<IT::>short strings

<PASSED::>Test passed

<PASSED::>Test passed

<COMPLETEDIN::>0.022957 ms

<IT::>failing compares

<FAILED::>Expected :<:LF:>"Hello Worlds!"<:LF:>But got :<:LF:>"Hello World!"

<FAILED::>Expected :<:LF:>"Hello Worlds! "<:LF:>But got :<:LF:>"Hello Worlds!"

<COMPLETEDIN::>0.217590 ms

<IT::>short strings

<PASSED::>Test Passed

<PASSED::>Test Passed

<COMPLETEDIN::>0.035451 ms

<IT::>failing compares

<FAILED::>Test Failed : Expected :<:LF:>"Hello Worlds!"<:LF:>But got :<:LF:>"Hello World!"

<FAILED::>Test Failed : Expected :<:LF:>"Hello Worlds! "<:LF:>But got :<:LF:>"Hello Worlds!"

<COMPLETEDIN::>0.059324 ms

<COMPLETEDIN::>0.711160 ms

<DESCRIBE::>nested custom messages

<IT::>short strings

<PASSED::>Passed 1

<PASSED::>Passed 2

<COMPLETEDIN::>0.037563 ms

<IT::>failing compares

<FAILED::>Test failed A Expected :<:LF:>"Hello Worlds!"<:LF:>But got :<:LF:>"Hello World!"

<FAILED::>Test failed A Expected :<:LF:>"Hello Worlds! "<:LF:>But got :<:LF:>"Hello Worlds!"

<COMPLETEDIN::>0.055741 ms

<IT::>short strings

<PASSED::>Test passed B

<PASSED::>Test passed B

<COMPLETEDIN::>0.024275 ms

<IT::>failing compares

<FAILED::>Failed 3

<FAILED::>Failed 4

<COMPLETEDIN::>0.059719 ms

<COMPLETEDIN::>0.211430 ms
