
<DESCRIBE::>group of tests

<IT::>single test

<FAILED::>Test Failed : Expected :<:LF:>0<:LF:>But got :<:LF:>0<:LF:>0

<COMPLETEDIN::>0.298510 ms

<IT::>double test

<FAILED::>Test Failed : Expected :<:LF:>0<:LF:>But got :<:LF:>0<:LF:>0

<PASSED::>Test Passed

<COMPLETEDIN::>0.121315 ms

<IT::>double fail test

<FAILED::>Test Failed : Expected :<:LF:>0<:LF:>But got :<:LF:>0<:LF:>0

<FAILED::>Test Failed : Expected :<:LF:>0<:LF:>0<:LF:>0<:LF:>But got :<:LF:>0

<COMPLETEDIN::>0.042136 ms

<COMPLETEDIN::>0.635392 ms
