
<DESCRIBE::>stack underflow

<IT::>single test

<ERROR::>Thrown: Data stack underflow


<COMPLETEDIN::>0.143086 ms

<IT::>double test

<ERROR::>Thrown: Data stack underflow


<ERROR::>Thrown: Data stack underflow


<COMPLETEDIN::>0.019864 ms

<IT::>double test

<ERROR::>Thrown: Data stack underflow


<ERROR::>Thrown: Data stack underflow


<COMPLETEDIN::>0.015669 ms

<IT::>double test

<ERROR::>Thrown: Data stack underflow


<ERROR::>Thrown: Data stack underflow


<COMPLETEDIN::>0.015315 ms

<COMPLETEDIN::>0.341698 ms
